// Jest Snapshot v1, https://goo.gl/fbAQLP

exports[`Home section should match snapShot 1`] = `ShallowWrapper {}`;
