// Jest Snapshot v1, https://goo.gl/fbAQLP

exports[`Work section should match work snap shot 1`] = `ShallowWrapper {}`;
